id,authorExternalChannelId,postedAt,category,authorName,content
ChwKGkNQejlyYW1mNG9nREZSWU5yUVlkZEVZS0x3,,2024-09-27T13:04:49.983467+09:00,Banner,Pinned by チャンネル名,TextMessageID: 'ChwKGkNJMmlfcWFmNG9nREZSZkd3Z1FkSmxzYVd3'
ChwKGkNJMmlfcWFmNG9nREZSZkd3Z1FkSmxzYVd3,UC6oL8geKMeygm-49iLrqefw,2024-09-27T13:04:49.983467+09:00,Text message,チャンネル名,message: 'https://www.youtube.com/watch?v=OGdjVWod-rs'
