id,authorExternalChannelId,postedAt,authorName,content,isModerator,membershipMonths,category
id,authorExternalChannelId,2024-12-05T12:41:54.906095+09:00,authorName,メッセージ,false,,ChatTextMessage
