id,authorExternalChannelId,postedAt,category,authorName,content
ChwKGkNNWGUtdHVydTRvREZYckV3Z1FkalRvN01B,UCd2Eeh3KBM9X-XWGtfw2uPg,2024-12-22T21:08:05.590814+09:00,Text message,投稿者名,message: 'aaaaaa'
