id,authorExternalChannelId,postedAt,category,authorName,content
ChwKGkNQYXZqdTZTX1lvREZjMF9yUVlkUWpJQlJR,UCxEd_lEGRyzFcHc2ykbf6Aw,2025-01-18T01:12:47.614647+09:00,Ticker paid message item,aaa,purchaseAmountText: 'A$5.00'
