id,authorExternalChannelId,postedAt,category,authorName,content
ChwKGkNOREUxUHpwX0lvREZaM0N3Z1FkdXF3Q3B3,,2025-01-17T22:09:35.797775+09:00,Banner,Pinned by ABC,TextMessageID: 'ChwKGkNNdWx6dnJwX0lvREZXYkh3Z1FkeXN3cU53'
ChwKGkNNdWx6dnJwX0lvREZXYkh3Z1FkeXN3cU53,X9bV3AkM6pY0NcsRFdW2lQeS,2025-01-17T22:09:35.797775+09:00,Text message,ABC,message: 'テキストメッセージです🙏bowing🙇‍♀テキストメッセージhttps://www.youtube.com/channel/X9bV3AkM6pY0NcsRFdW2lQeS/join'
