id,authorExternalChannelId,postedAt,category,authorName,content
ChwKGkNQZWt0ZjJ0dTRvREZYM0N3Z1FkY2FVd1ln,UCvFwrNf2B8Fjlq6jpn467TQ,2024-12-22T21:18:32.101323+09:00,Ticker paid message item,投稿者名,"purchaseAmountText: '¥3,000'"
