id,authorExternalChannelId,postedAt,authorName,content,isModerator,membershipMonths,category
ChwKGkNMYTh5dktvdTRvREZYckV3Z1FkalRvN01B,UCVizv_lHkXIpFD9jkAeOMbw,2024-12-22T20:55:27.656597+09:00,り,Welcome to へい!,false,Member (1 year),ChatMembershipItem
