id,authorExternalChannelId,postedAt,authorName,content,isModerator,membershipMonths,category
ChwKGkNPai0zSmVzdTRvREZlZkJ3Z1FkdFYwRHpn,UCMrN3rHLmtbiuCFWpBsdL8w,2024-12-22T21:10:10.860524+09:00,,Welcome to „Å∏!,false,,Membership item
