id,authorExternalChannelId,postedAt,category,authorName,content
ChwKGkNLV3lrTC1qdTRvREZVYlB3Z1FkRHFJWk1R,UCg38veB3XAeqBeaILJrFfWw,2024-12-22T20:32:02.096802+09:00,Paid message,Hoi,"message: '...メッセージ...'; purchaseAmount: '¥5,555'; membershipMonths: 'Member (1 year)'"
