id,authorExternalChannelId,postedAt,category,authorName,content
ChwKGkNMcmx4YWlycG9zREZjVER3Z1FkVkh3TFpB,,,Pool,,PollQuestion: '投票1、投票2、投票3、投票4のうち、どれを選びますか？'; No. 1: '投票1'; No. 2: '投票2'; No. 3: '投票3'; No. 4: '投票4'
