id,authorExternalChannelId,postedAt,category,authorName,content
ChwKGkNNYWU3TGp2dFkwREZhVUlyUVlkWExBbUJR,,2025-05-22T09:56:57.862973+09:00,Banner,Pinned by Test Channel Name,TextMessageID: 'ChwKGkNQaldrcXZ2dFkwREZadk93Z1FkVFdJMFVR'
ChwKGkNQaldrcXZ2dFkwREZadk93Z1FkVFdJMFVR,UCTestChannelId123456789,2025-05-22T09:56:57.862973+09:00,Text message,Test User,message: 'https://example.com/test/status/123456789'; Moderator
