id,authorExternalChannelId,postedAt,category,authorName,content
ChwKGkNKMkg3dXlwazRzREZjTFB3Z1Fkc1RvNGdB,UCwq1Gu-I9kJPGzVJruZHoqA,2025-01-26T20:55:13.162426+09:00,Ticker paid message item,投稿者名,"message: 'メッセージ　あああ'; purchaseAmount: '¥5,496'"
