id,authorExternalChannelId,postedAt,category,authorName,content
ChwKGkNQV1ppS0x0MUlvREZRX0N3Z1FkcUFjRy1R,UCAan8cabQqw7Alhc3v_aMXw,2025-01-02T00:37:54.301790+09:00,Text message,投稿者名,message: '👨‍❤‍👨'
