id,authorExternalChannelId,postedAt,category,authorName,content
ChwKGkNQaWZrOExwcklzREZkalB3Z1FkcGNvNGhR,UCxEd_lEGRyzFcHc2ykbf6Aw,2025-02-06T00:15:36.214650+09:00,Ticker paid message item,投稿者名,purchaseAmountText: 'A$5.00'
