id,authorExternalChannelId,postedAt,authorName,content,isModerator,membershipMonths,category
ChwKGkNPNk02SnlwdTRvREZaSEx3Z1FkNG84V0JR,UCISR_YWRovwh5GwnWYDWnoA,2024-12-22T20:57:13.176833+09:00,投稿者名,"¥1,000",false,,Ticker paid message item
