id,authorExternalChannelId,postedAt,category,authorName,content
ChwKGkNJZk5wTW1vdTRvREZYckV3Z1FkalRvN01B,UCU_76ukhKKzBOdO6MaijWrw,2024-12-22T20:54:15.220457+09:00,Sponsorships gift purchase announcement,„Åª,message: 'Gifted 5 channel name memberships'
