id,authorExternalChannelId,postedAt,category,authorName,content
ChwKGkNJWHF5YUhueElvREZlN1B3Z1FkN2tNQV9n,UCdEhG3ljd_GhzzRay0i-0nQ,2024-12-26T15:28:38.874148+09:00,Ticker paid message item,投稿者名,"message: 'メッセージです'; purchaseAmount: '¥1,000'"
