id,authorExternalChannelId,postedAt,category,authorName,content
ChwKGkNJSDYyNURsNG9vREZlZkJ3Z1FkNVRFUGhn,UCdEhG3ljd_GhzzRay0i-0nQ,2025-01-07T13:38:46.787084+09:00,Text message,投稿者名,message: 'https://www.youtube.com/redirect?event=live_chat&redir_token=QUFFLUhqbUFPZzBiVkgzV0tzbF9IV245dW5Edk5UbzdWQXxBQ3Jtc0ttQm0tVGFtOGpFVlE1VzlxdE9waDUzamRSRE1FUmxRQUk3WlBvM1dHNVRHb2tmWF83eXVfTlFzRkhfUktIb25DVmc0a2hTQ2ppa1ZUSXQydVBfNkVCWWVjQ0xkQVp6aUlOdG1oWDJ2aE5YNUZiR0N3QQ&q=https%3A%2F%2Fwww.nikkei.com%2Farticle%2FDGXZQOFL191000Z10C24A6000000%2F'; Moderator; membershipMonths: 'Member (2 months)'
