id,authorExternalChannelId,postedAt,category,authorName,content
ChwKGkNLNm9nNFMydTRvREZXQWhzd0FkTmhJM0pn,,,Banner,,BannerMessage: 'Don't miss out! People are going to watch something from Z Channel'; RedirectVideoID: 'SebgFzzswLQ'
