id,authorExternalChannelId,postedAt,category,authorName,content
Ci8KLUNNZkpoN21pMklvREZYZm1BZ2NkZ1ZRTXVnLUxveU1lc0lELTM0NzIzNDA2Nw%3D%3D,UCCGvdq31vrly8n5J3uMin1g,2025-01-06T22:32:19.758259+09:00,Membership item,投稿者名,
