id,authorExternalChannelId,postedAt,category,authorName,content
ChwKGkNMblc0TXFxdTRvREZYM0N3Z1FkY2FVd1ln,UCee6zsDAVBVahONotgG0New,2024-12-22T21:03:17.883090+09:00,Paid message,,"purchaseAmount: 'Â¥5,000'"
