id,authorExternalChannelId,postedAt,category,authorName,content
ChwKGkNNZlFyNDZxdTRvREZUOHYxZ0FkNGJraXhn,UCzYrGtWbIo-I_IrhW-vLJmw,2024-12-22T21:00:54.410766+09:00,Sponsorships gift redemption announcement,投稿者名,message: 'was gifted a membership by ギフトを与えた人の名前 '
