id,authorExternalChannelId,postedAt,category,authorName,content
Ci8KLUNKenNsNXpGOUlvREZWYkNBZ2NkT2lrYlB3LUxveU1lc0lELTM0NzQyNjE0Mw%3D%3D,UCn1VNQWZoP5-vsxynqVA4qg,2025-01-18T01:18:37.574133+09:00,Membership item,投稿者名💠,message: '通常メッセージ:_zzz:絵文字間のメッセージ:_ショートカット:。'; headerSubtext: 'メンバーシップ名'; membershipMonths: 'Member (1 year)'
