id,authorExternalChannelId,postedAt,category,authorName,content
ChwKGkNJM0Q5NTI3NDRvREZaZ3UxZ0FkQVVvdlVR,UC0m9xEKIulBTyYZxyvmOj6g,2025-01-07T20:03:59.985695+09:00,Sponsorships gift redemption announcement,投稿者名,message: 'was gifted a membership by ギフトを与えた人の名前'
