id,authorExternalChannelId,postedAt,category,authorName,content
ChwKGkNQdW42T0staUlzREZkRVRyUVlkWF93anJR,,,Updated pool,,PollQuestion: '投票1、投票2、投票3、投票4のうち、どれを選びますか？'; No. 1: '投票1(33%%)'; No. 2: '投票2(29%%)'; No. 3: '投票3(25%%)'; No. 4: '投票4(12%%)'
