id,authorExternalChannelId,postedAt,category,authorName,content
ChwKGkNLcVI5dG5vajRvREZhYkN3Z1FkSGlBNGxn,UC0Fruh1Rn-PPpb8lrkww_ew,2024-12-05T13:44:00.060900+09:00,Paid message,投稿者名,"purchaseAmount: '¥10,000'"
