id,authorExternalChannelId,postedAt,category,authorName,content
ChwKGkNJQ2RucnJCaUlzREZkM0N3Z1FkcUJRVTJR,,,Viewer engagement message,System Message,message: '新しいゲームはどうですか？<br>持ってる (41%)<br>持ってない (23%)<br>買うか検討中 (17%)<br>絶対に買わない (17%)<br><br>Poll complete: 34 votes'
