id,authorExternalChannelId,postedAt,category,authorName,content
ChwKGkNLcXI4LTZxdTRvREZjVFp3Z1FkZDFFTXl3,UCjxAaIs2ooRMi5dpCGKEpaw,2024-12-22T21:04:16.809328+09:00,Text message,,message: 'ふっふー！'
