id,authorExternalChannelId,postedAt,category,authorName,content
ChwKGkNQUEMyXzJhczRvREZhN0J3Z1FkWWpneWFB,UCUQlh03qFSIdkUQaZqdEirw,2024-12-19T15:31:55.000573+09:00,Text message,投稿者名,message: 'https://www.youtube.com/watch?v=CaBFkMwhJ2w'; Moderator
