id,authorExternalChannelId,postedAt,category,authorName,content
Ci8KLUNPajRvOFAwaFlvREZjTkwtd1FkQ2FFWHN3LUxveU1lc0lELTM0Njk3Mzc2Ng%3D%3D,UC-wIU7gwvuBXWHP7hJ1AOzw,2024-12-22T21:00:30.259123+09:00,Membership item,投稿者名,headerSubtext: 'チャンネルのメンバー名'; membershipMonths: 'Member (3 years)'
