id,authorExternalChannelId,postedAt,category,authorName,content
ChwKGkNPQ1J2ZlhWejRvREZUWER3Z1FkcE04Ym1B,UCArKiKav64KasNm7b_rTQNw,2024-12-30T23:10:08.091479+09:00,Text message,投稿者名,message: 'テスト'; membershipMonths: 'Member (3 years)'
