id,authorExternalChannelId,postedAt,category,authorName,content
MASKED_ID,MASKED_CHANNEL_ID,2025-04-08T01:16:57.450013+09:00,Paid message,Masked Author Name,"message: 'Masked message content❗'; purchaseAmount: '¥1,000'; membershipMonths: 'Member (6 months)'"
