id,authorExternalChannelId,postedAt,category,authorName,content
ChwKGkNPcm9uZFdmcW9zREZhN0J3Z1FkdnB3WHd3,,,Updated pool,,PollQuestion: '投票です。選択してください🫠'; No. 1: '投票1(43%%)'; No. 2: '投票2(21%%)'; No. 3: '投票3(36%%)'
