id,authorExternalChannelId,postedAt,category,authorName,content
id,authorExternalChannelId,2024-12-05T12:41:54.906095+09:00,Text message,authorName,message: 'メッセージ'
